[
  {
    "input": "80",
    "expected": [
      {
        "from": 80,
        "to": 80
      }
    ]
  },
  {
    "input": "443",
    "expected": [
      {
        "from": 443,
        "to": 443
      }
    ]
  },
  {
    "input": "8080-8090",
    "expected": [
      {
        "from": 8080,
        "to": 8090
      }
    ]
  },
  {
    "input": "",
    "expected": "ALL"
  },
  {
    "input": [
      "80",
      "443"
    ],
    "expected": [
      {
        "from": 80,
        "to": 80
      },
      {
        "from": 443,
        "to": 443
      }
    ]
  },
  {
    "input": [
      "8080-8090",
      "9000"
    ],
    "expected": [
      {
        "from": 8080,
        "to": 8090
      },
      {
        "from": 9000,
        "to": 9000
      }
    ]
  }
]